<html>
<body>
<pre>
<h1>礦ision Build Log</h1>
<h2>Tool Versions:</h2>
IDE-Version: μVision V5.14.0.0
Copyright (C) 2015 ARM Ltd and ARM Germany GmbH. All rights reserved.
License Information: dvs 东方, sgs, LIC=65IDY-IXIRX-ZWG2V-PIZD4-AUNXI-9345X
 
Tool Versions:
Toolchain:       MDK-ARM Standard  Version: 5.14.0.0
Toolchain Path:  d:\Keil_v5\ARM\ARMCC\Bin
C Compiler:      Armcc.exe V5.05 update 1 (build 106)
Assembler:       Armasm.exe V5.05 update 1 (build 106)
Linker/Locator:  ArmLink.exe V5.05 update 1 (build 106)
Library Manager: ArmAr.exe V5.05 update 1 (build 106)
Hex Converter:   FromElf.exe V5.05 update 1 (build 106)
CPU DLL:         SARMCM3.DLL V5.14.0.0
Dialog DLL:      DARMSTM.DLL V1.65.0.0
Target DLL:      STLink\ST-LINKIII-KEIL_SWO.dll V2.0.14.0_KEIL
Dialog DLL:      TARMSTM.DLL V1.64.0.0
 
<h2>Project:</h2>
C:\Users\dongfang\Desktop\P10 LED 单行刷1.0 成功\USER\STM32-DEMO.uvproj
Project File Date:  02/28/2017

<h2>Output:</h2>
Build target 'Target 1'
compiling display.c...
..\USER\ascii.h(134): warning:  #1-D: last line of file ends without a newline
  #endif   /*__ASCII_H__*/
display.c(365): warning:  #951-D: return type of function "main" must be "int"
  void main() 
display.c(421): warning:  #1-D: last line of file ends without a newline
  }
display.c: 3 warnings, 0 errors
linking...
Program Size: Code=4932 RO-data=336 RW-data=4184 ZI-data=1088  
"..\Output\STM32-DEMO.axf" - 0 Error(s), 3 Warning(s).
</pre>
</body>
</html>
